// Jest Snapshot v1, https://goo.gl/fbAQLP

exports[`PhoneInput renders properly 1`] = `
<div
  className="theme-base"
>
  <div
    className=" radioButtonContainer"
  >
    <div>
      <input
        checked={false}
        id="notReturningMentor"
        onChange={[Function]}
        type="radio"
        value="notReturningMentor"
      />
      <label
        htmlFor="notReturningMentor"
      >
        Yes this will be my first year as an AIME mentor and I can’t flippin’ wait!
      </label>
    </div>
    <div>
      <input
        checked={true}
        id="returningMentor"
        onChange={[Function]}
        type="radio"
        value="returningMentor"
      />
      <label
        htmlFor="returningMentor"
      >
        I’ve mentored with AIME before and will register with the same email I used then. I also can’t flippin’ wait!
      </label>
    </div>
  </div>
</div>
`;
