// Jest Snapshot v1, https://goo.gl/fbAQLP

exports[`PhoneInput renders properly 1`] = `
<div
  className="theme-base"
>
  <div
    className=" inputWrapper"
  >
    <div
      className="intl-tel-input"
      style={
        Object {
          "width": "100%",
        }
      }
    >
      <div
        className="flag-container"
      >
        <div
          className="selected-flag"
          onClick={[Function]}
          onKeyDown={[Function]}
          tabIndex=""
          title="undefined: +undefined"
        >
          <div
            className="iti-flag us"
          />
          <div
            className="selected-dial-code"
          >
            
          </div>
          
        </div>
        <ul
          className="country-list hide"
        />
      </div>
      <input
        autoComplete="off"
        autoFocus={false}
        className="input"
        disabled={false}
        id=""
        name="phone"
        onBlur={[Function]}
        onChange={[Function]}
        onFocus={[Function]}
        onPaste={[Function]}
        placeholder="Phone"
        readOnly={false}
        required={true}
        type="tel"
        value=""
      />
    </div>
  </div>
</div>
`;
