// Jest Snapshot v1, https://goo.gl/fbAQLP

exports[`TextBox renders properly 1`] = `
<div
  className=" theme-purple wrapper"
>
  <textarea
    className="false 
            myClass input textarea"
    name="textbox"
    onChange={[Function]}
    placeholder="Write area"
    required={true}
    value=""
  />
</div>
`;
