// Jest Snapshot v1, https://goo.gl/fbAQLP

exports[`TextBox renders properly 1`] = `
<div
  className="theme-purple"
>
  <div
    className="theme-purple"
  >
    <div
      className="inputWrapper "
    >
      <textarea
        className="input textarea myClass
              false"
        name="textbox"
        onChange={[Function]}
        placeholder="Write area"
        required={true}
        value=""
      />
    </div>
  </div>
  
</div>
`;
