// Jest Snapshot v1, https://goo.gl/fbAQLP

exports[`TermsAndConditions renders properly only with pdf value, without checkbox 1`] = `
<div
  className=""
>
  <div
    className="theme-base"
  >
    <div
      className="termsContainer "
      style={Object {}}
    >
      <object
        className="objectContainer"
        data="https://archive.org/download/starrover00lond/starrover00lond.pdf#view=FitH"
        type="application/pdf"
      >
        <embed
          src="https://archive.org/download/starrover00lond/starrover00lond.pdf#view=FitH"
          type="application/pdf"
        />
      </object>
    </div>
  </div>
</div>
`;

exports[`TermsAndConditions renders properly with all props used 1`] = `
<div
  className=""
>
  <div
    className="theme-base"
  >
    <div
      className="textContainer "
      style={Object {}}
    >
      <strong>
        Lorem ipsum dolor sit amet
      </strong>
      <p>
        consectetur adipiscing elit. Nullam vitae augue commodo, euismod erat in, mollis diam. Suspendisse tristique justo sem, id commodo lectus porttitor et. In tempus libero lacus. Proin viverra facilisis ultricies. Phasellus aliquet efficitur ante, ac dignissim velit sollicitudin eu. Curabitur non nunc dictum, eleifend ligula feugiat, convallis augue. Ut accumsan arcu ac lobortis lacinia. Donec vulputate ligula vel elit maximus, non eleifend lorem sagittis. Praesent dapibus ante ac lectus fermentum blandit.

            Duis mollis dignissim elit eget rhoncus. Sed consectetur metus et ipsum sodales, non lacinia nulla varius. Curabitur dictum fringilla tellus, eu feugiat urna convallis nec. Donec at massa at metus accumsan finibus sit amet vel magna.

            Morbi vehicula id neque quis fermentum. Cras mauris metus, rutrum id auctor id, molestie vitae ante. Ut pretium egestas pellentesque. Integer placerat ullamcorper massa, nec maximus arcu efficitur vitae. Quisque odio est, vehicula quis justo at, tempus vulputate lectus. Vivamus sagittis metus et aliquam interdum. Nam in pharetra risus. Proin lectus ligula, pellentesque non nulla nec, fringilla porttitor est. Vestibulum ante ipsum primis in faucibus orci luctus et ultrices posuere cubilia Curae;

            Duis vel pharetra urna. Nam finibus risus egestas tortor interdum rhoncus ut sed dolor. Integer quis porta nulla. Maecenas dignissim purus ac nisi viverra tristique. Cras dapibus est commodo est lobortis, consectetur faucibus odio fermentum. Donec tincidunt quis augue ut tempor. Nam consectetur faucibus nisl, vitae hendrerit metus venenatis id. In facilisis lacinia elit sed tempor.
      </p>
    </div>
  </div>
</div>
`;

exports[`TermsAndConditions renders properly with all props used 2`] = `
<div
  className=""
>
  <div
    className="theme-base"
  >
    <div
      className="textContainer "
      style={
        Object {
          "height": "150px",
        }
      }
    >
      <strong>
        Lorem ipsum dolor sit amet
      </strong>
      <p>
        consectetur adipiscing elit. Nullam vitae augue commodo, euismod erat in, mollis diam. Suspendisse tristique justo sem, id commodo lectus porttitor et. In tempus libero lacus. Proin viverra facilisis ultricies. Phasellus aliquet efficitur ante, ac dignissim velit sollicitudin eu. Curabitur non nunc dictum, eleifend ligula feugiat, convallis augue. Ut accumsan arcu ac lobortis lacinia. Donec vulputate ligula vel elit maximus, non eleifend lorem sagittis. Praesent dapibus ante ac lectus fermentum blandit.

            Duis mollis dignissim elit eget rhoncus. Sed consectetur metus et ipsum sodales, non lacinia nulla varius. Curabitur dictum fringilla tellus, eu feugiat urna convallis nec. Donec at massa at metus accumsan finibus sit amet vel magna.

            Morbi vehicula id neque quis fermentum. Cras mauris metus, rutrum id auctor id, molestie vitae ante. Ut pretium egestas pellentesque. Integer placerat ullamcorper massa, nec maximus arcu efficitur vitae. Quisque odio est, vehicula quis justo at, tempus vulputate lectus. Vivamus sagittis metus et aliquam interdum. Nam in pharetra risus. Proin lectus ligula, pellentesque non nulla nec, fringilla porttitor est. Vestibulum ante ipsum primis in faucibus orci luctus et ultrices posuere cubilia Curae;

            Duis vel pharetra urna. Nam finibus risus egestas tortor interdum rhoncus ut sed dolor. Integer quis porta nulla. Maecenas dignissim purus ac nisi viverra tristique. Cras dapibus est commodo est lobortis, consectetur faucibus odio fermentum. Donec tincidunt quis augue ut tempor. Nam consectetur faucibus nisl, vitae hendrerit metus venenatis id. In facilisis lacinia elit sed tempor.
      </p>
    </div>
    <div
      className="termsCheckbox"
    >
      <div
        className="theme-purple wrapper"
      >
        <div
          className=" customCheckbox customCheckboxDefault"
          onClick={[Function]}
        >
          <input
            type="hidden"
            value="no"
          />
          <input
            checked={false}
            className="false"
            readOnly={true}
            type="checkbox"
            value="yes"
          />
          <label>
            Testing my checkbox
          </label>
        </div>
      </div>
    </div>
  </div>
</div>
`;

exports[`TermsAndConditions renders properly with all props used 3`] = `
<div
  className=""
>
  <div
    className="theme-base"
  >
    <div
      className="termsContainer "
      style={
        Object {
          "height": "300px",
        }
      }
    >
      <object
        className="objectContainer"
        data="https://archive.org/download/starrover00lond/starrover00lond.pdf#view=FitH"
        type="application/pdf"
      >
        <embed
          src="https://archive.org/download/starrover00lond/starrover00lond.pdf#view=FitH"
          type="application/pdf"
        />
      </object>
    </div>
    <div
      className="termsCheckbox"
    >
      <div
        className="theme-purple wrapper"
      >
        <div
          className=" customCheckbox customCheckboxDefault"
          onClick={[Function]}
        >
          <input
            type="hidden"
            value="no"
          />
          <input
            checked={false}
            className="false"
            readOnly={true}
            type="checkbox"
            value="yes"
          />
          <label>
            Testing my checkbox
          </label>
        </div>
      </div>
    </div>
  </div>
</div>
`;

exports[`TermsAndConditions renders properly with paragraph props 1`] = `
<div
  className=""
>
  <div
    className="theme-base"
  >
    <div
      className="textContainer "
      style={Object {}}
    >
      <div
        className="theme-base"
      >
        <p
          className="paragraph "
        >
          
            consectetur adipiscing elit. Nullam vitae augue commodo, euismod erat in, mollis diam. Suspendisse tristique justo sem, id commodo lectus porttitor et. In tempus libero lacus. Proin viverra facilisis ultricies. Phasellus aliquet efficitur ante, ac dignissim velit sollicitudin eu. Curabitur non nunc dictum, eleifend ligula feugiat, convallis augue. Ut accumsan arcu ac lobortis lacinia. Donec vulputate ligula vel elit maximus, non eleifend lorem sagittis. Praesent dapibus ante ac lectus fermentum blandit.

            Duis mollis dignissim elit eget rhoncus. Sed consectetur metus et ipsum sodales, non lacinia nulla varius. Curabitur dictum fringilla tellus, eu feugiat urna convallis nec. Donec at massa at metus accumsan finibus sit amet vel magna.

            Morbi vehicula id neque quis fermentum. Cras mauris metus, rutrum id auctor id, molestie vitae ante. Ut pretium egestas pellentesque. Integer placerat ullamcorper massa, nec maximus arcu efficitur vitae. Quisque odio est, vehicula quis justo at, tempus vulputate lectus. Vivamus sagittis metus et aliquam interdum. Nam in pharetra risus. Proin lectus ligula, pellentesque non nulla nec, fringilla porttitor est. Vestibulum ante ipsum primis in faucibus orci luctus et ultrices posuere cubilia Curae;

            Duis vel pharetra urna. Nam finibus risus egestas tortor interdum rhoncus ut sed dolor. Integer quis porta nulla. Maecenas dignissim purus ac nisi viverra tristique. Cras dapibus est commodo est lobortis, consectetur faucibus odio fermentum. Donec tincidunt quis augue ut tempor. Nam consectetur faucibus nisl, vitae hendrerit metus venenatis id. In facilisis lacinia elit sed tempor.
          
        </p>
      </div>
    </div>
  </div>
</div>
`;

exports[`TermsAndConditions renders properly with pdf, and checkbox 1`] = `
<div
  className=""
>
  <div
    className="theme-base"
  >
    <div
      className="termsContainer "
      style={Object {}}
    >
      <object
        className="objectContainer"
        data="https://archive.org/download/starrover00lond/starrover00lond.pdf#view=FitH"
        type="application/pdf"
      >
        <embed
          src="https://archive.org/download/starrover00lond/starrover00lond.pdf#view=FitH"
          type="application/pdf"
        />
      </object>
    </div>
    <div
      className="termsCheckbox"
    >
      <div
        className="theme-purple wrapper"
      >
        <div
          className=" customCheckbox customCheckboxDefault"
          onClick={[Function]}
        >
          <input
            type="hidden"
            value="no"
          />
          <input
            checked={false}
            className="false"
            readOnly={true}
            type="checkbox"
            value="yes"
          />
          <label>
            Testing my checkbox
          </label>
        </div>
      </div>
    </div>
  </div>
</div>
`;
