// Jest Snapshot v1, https://goo.gl/fbAQLP

exports[`Textarea renders properly 1`] = `
<div
  className=" theme-purple wrapper"
>
  <textarea
    className="false
            myClass input textarea"
    getValidationMessage={[Function]}
    handleValidations={[Function]}
    name="textarea"
    onChange={[Function]}
    onChangeFunction={[Function]}
    placeholder="Write area"
    required={true}
    validationMessage=""
    validations={Array []}
    value=""
  />
</div>
`;
