// Jest Snapshot v1, https://goo.gl/fbAQLP

exports[`Input renders properly 1`] = `
<div
  className="theme-purple"
>
  <div
    className="theme-purple"
  >
    <div
      className="inputWrapper "
    >
      <input
        className=" input 
              false"
        disabled="disabled"
        name="name"
        onChange={[Function]}
        placeholder="Name"
        required={true}
        type="text"
        value=""
      />
    </div>
  </div>
  
</div>
`;
