// Jest Snapshot v1, https://goo.gl/fbAQLP

exports[`Input renders properly 1`] = `
<div
  className=" theme-purple inputWrapper"
>
  <input
    className="false input "
    disabled="disabled"
    getValidationMessage={[Function]}
    handleValidations={[Function]}
    name="name"
    onChange={[Function]}
    onChangeFunction={[Function]}
    placeholder="Name"
    required={true}
    type="text"
    validationMessage=""
    validations={Array []}
    value=""
  />
</div>
`;
