// Jest Snapshot v1, https://goo.gl/fbAQLP

exports[`Paragraph is backwards compatible (text passed as prop) 1`] = `
<div
  className="theme-portal"
>
  <p
    className="paragraph "
  >
    Gradient default Paragraph
  </p>
</div>
`;

exports[`Paragraph renders properly 1`] = `
<div
  className="theme-portal"
>
  <p
    className="paragraph "
  >
    Gradient default Paragraph
  </p>
</div>
`;
