// Jest Snapshot v1, https://goo.gl/fbAQLP

exports[`Paragraph is backwards compatible (text passed as prop) 1`] = `
<div
  className="theme-base"
>
  <p
    className="paragraph "
  >
    <strong
      className="textHighlighted"
    >
      Gradient default Paragraph
    </strong>
  </p>
</div>
`;

exports[`Paragraph renders properly 1`] = `
<div
  className="theme-base"
>
  <p
    className="paragraph "
  >
    <strong
      className="textHighlighted"
    >
      Gradient default Paragraph
    </strong>
  </p>
</div>
`;
