// Jest Snapshot v1, https://goo.gl/fbAQLP

exports[`AimeVideoPlayer renders properly 1`] = `
<div
  className="theme-base"
>
  <div
    className="playerContainer"
  >
    <div
      className="playerBoarder"
    >
      <div
        className="bgImage"
        style={null}
      />
      
      <div
        onContextMenu={[Function]}
        playIcon={
          <CustomPlayIcon
            onClick={[Function]}
            stylesPlayButton="playButton"
            withModal={false}
          />
        }
        style={
          Object {
            "height": "100%",
            "width": "100%",
          }
        }
      >
        <div
          className="react-player__preview"
          onClick={[Function]}
          style={
            Object {
              "alignItems": "center",
              "backgroundImage": undefined,
              "backgroundPosition": "center",
              "backgroundSize": "cover",
              "cursor": "pointer",
              "display": "flex",
              "height": "100%",
              "justifyContent": "center",
              "width": "100%",
            }
          }
        >
          <div
            className="react-player__shadow"
            style={
              Object {
                "alignItems": "center",
                "background": "radial-gradient(rgb(0, 0, 0, 0.3), rgba(0, 0, 0, 0) 60%)",
                "borderRadius": "64px",
                "display": "flex",
                "height": "64px",
                "justifyContent": "center",
                "width": "64px",
              }
            }
          >
            <div
              className="react-player__play-icon"
              style={
                Object {
                  "borderColor": "transparent transparent transparent white",
                  "borderStyle": "solid",
                  "borderWidth": "16px 0 16px 26px",
                  "marginLeft": "7px",
                }
              }
            />
          </div>
        </div>
      </div>
      
    </div>
  </div>
</div>
`;
