// Jest Snapshot v1, https://goo.gl/fbAQLP

exports[`AimeVideoPlayer renders properly 1`] = `
<div
  className="theme-base"
>
  <div
    className="playerContainer"
  >
    <div
      className="playerBoarder"
    >
      <div
        className="bgImage"
        style={null}
      />
      
      <div
        className="reactPlayer"
        onContextMenu={[Function]}
        style={
          Object {
            "height": "100%",
            "width": "100%",
          }
        }
      >
        <div
          className="react-player__preview"
          onClick={[Function]}
          style={
            Object {
              "alignItems": "center",
              "backgroundImage": undefined,
              "backgroundPosition": "center",
              "backgroundSize": "cover",
              "cursor": "pointer",
              "display": "flex",
              "height": "100%",
              "justifyContent": "center",
              "width": "100%",
            }
          }
        >
          <img
            alt="play video"
            src="https://aime-website.s3.amazonaws.com/assets/images/play-btn-white.svg"
          />
        </div>
      </div>
      
    </div>
  </div>
</div>
`;
