// Jest Snapshot v1, https://goo.gl/fbAQLP

exports[`StarsFeedback renders properly 1`] = `
<div
  className="theme-base"
>
  <div
    className="rating "
  >
    <span
      className="star"
      onClick={[Function]}
    >
      ☆
    </span>
    <span
      className="star"
      onClick={[Function]}
    >
      ☆
    </span>
    <span
      className="star"
      onClick={[Function]}
    >
      ☆
    </span>
    <span
      className="star"
      onClick={[Function]}
    >
      ☆
    </span>
    <span
      className="star"
      onClick={[Function]}
    >
      ☆
    </span>
  </div>
</div>
`;
