// Jest Snapshot v1, https://goo.gl/fbAQLP

exports[`StarsFeedback renders properly 1`] = `
<div
  className="rating "
>
  <span
    className=""
    onClick={[Function]}
  >
    ☆
  </span>
  <span
    className=""
    onClick={[Function]}
  >
    ☆
  </span>
  <span
    className=""
    onClick={[Function]}
  >
    ☆
  </span>
  <span
    className=""
    onClick={[Function]}
  >
    ☆
  </span>
  <span
    className=""
    onClick={[Function]}
  >
    ☆
  </span>
</div>
`;
