// Jest Snapshot v1, https://goo.gl/fbAQLP

exports[`Video renders properly 1`] = `
<div
  className="theme-portal"
>
  <div
    className=""
  >
    <div
      className=""
      style={
        Object {
          "height": "360px",
          "width": "640px",
        }
      }
    >
      <div
        style={
          Object {
            "backgroundColor": "black",
            "height": "100%",
            "overflow": "hidden",
            "width": "100%",
          }
        }
      />
    </div>
  </div>
</div>
`;
