// Jest Snapshot v1, https://goo.gl/fbAQLP

exports[`CountdownTimer renders properly with custom date 1`] = `
<div
  className="theme-base"
>
  <div
    className="countDownContainerFeatureBoard"
  >
    <div
      className="countdown"
    >
      <span
        className="countdownCol"
      >
        <span
          className="countdownColElement"
        >
          <span
            className="countdownNumber"
          >
            00
          </span>
          <span
            className="countdownLabel"
          >
            Years
          </span>
        </span>
      </span>
      <span
        className="countdownCol"
      >
        <span
          className="countdownColElement"
        >
          <span
            className="countdownNumber"
          >
            00
          </span>
          <span
            className="countdownLabel"
          >
            Days
          </span>
        </span>
      </span>
      <span
        className="countdownCol"
      >
        <span
          className="countdownColElement"
        >
          <span
            className="countdownNumber"
          >
            00
          </span>
          <span
            className="countdownLabel"
          >
            Hours
          </span>
        </span>
      </span>
      <span
        className="countdownCol"
      >
        <span
          className="countdownColElement"
        >
          <span
            className="countdownNumber"
          >
            00
          </span>
          <span
            className="countdownLabel"
          >
            Mins
          </span>
        </span>
      </span>
      <span
        className="countdownCol"
      >
        <span
          className="countdownColElement"
        >
          <span
            className="countdownNumber"
          >
            00
          </span>
          <span
            className="countdownLabel"
          >
            Secs
          </span>
        </span>
      </span>
    </div>
  </div>
</div>
`;

exports[`CountdownTimer renders properly with no date 1`] = `
<div
  className="theme-base"
>
  <div
    className="countDownContainerFeatureBoard"
  >
    <div
      className="countdown"
    >
      <span
        className="countdownCol"
      >
        <span
          className="countdownColElement"
        >
          <span
            className="countdownNumber"
          >
            00
          </span>
          <span
            className="countdownLabel"
          >
            Years
          </span>
        </span>
      </span>
      <span
        className="countdownCol"
      >
        <span
          className="countdownColElement"
        >
          <span
            className="countdownNumber"
          >
            00
          </span>
          <span
            className="countdownLabel"
          >
            Days
          </span>
        </span>
      </span>
      <span
        className="countdownCol"
      >
        <span
          className="countdownColElement"
        >
          <span
            className="countdownNumber"
          >
            00
          </span>
          <span
            className="countdownLabel"
          >
            Hours
          </span>
        </span>
      </span>
      <span
        className="countdownCol"
      >
        <span
          className="countdownColElement"
        >
          <span
            className="countdownNumber"
          >
            00
          </span>
          <span
            className="countdownLabel"
          >
            Mins
          </span>
        </span>
      </span>
      <span
        className="countdownCol"
      >
        <span
          className="countdownColElement"
        >
          <span
            className="countdownNumber"
          >
            00
          </span>
          <span
            className="countdownLabel"
          >
            Secs
          </span>
        </span>
      </span>
    </div>
  </div>
</div>
`;
