// Jest Snapshot v1, https://goo.gl/fbAQLP

exports[`Title is backwards compatible (text passed as prop) 1`] = `
<div
  className="theme-portal"
>
  <span
    className="gradientTitle"
  >
    Gradient default title
  </span>
</div>
`;

exports[`Title renders properly 1`] = `
<div
  className="theme-portal"
>
  <span
    className="gradientTitle"
  >
    Gradient default title
  </span>
</div>
`;
